#-----------------------------------------------------------
# Vivado v2017.4 (64-bit)
# SW Build 2086221 on Fri Dec 15 20:55:39 MST 2017
# IP Build 2085800 on Fri Dec 15 22:25:07 MST 2017
# Start of session at: Mon Feb 26 15:41:07 2018
# Process ID: 9108
# Current directory: C:/Users/20002890/minized_vhdl_no_clk
# Command line: vivado.exe -gui_launcher_event rodinguilauncherevent15624 C:\Users\20002890\minized_vhdl_no_clk\minized_vhdl_no_clk.xpr
# Log file: C:/Users/20002890/minized_vhdl_no_clk/vivado.log
# Journal file: C:/Users/20002890/minized_vhdl_no_clk\vivado.jou
#-----------------------------------------------------------
start_gui
open_project C:/Users/20002890/minized_vhdl_no_clk/minized_vhdl_no_clk.xpr
update_compile_order -fileset sources_1
update_compile_order -fileset sources_1
update_compile_order -fileset sources_1
update_compile_order -fileset sources_1
update_compile_order -fileset sources_1
update_compile_order -fileset sources_1
launch_runs synth_1 -jobs 4
wait_on_run synth_1
launch_runs impl_1 -jobs 4
wait_on_run impl_1
open_run impl_1
place_ports r_led E12
set_property IOSTANDARD LVCMOS33 [get_ports [list r_led]]
file mkdir C:/Users/20002890/minized_vhdl_no_clk/minized_vhdl_no_clk.srcs/constrs_1/new
close [ open C:/Users/20002890/minized_vhdl_no_clk/minized_vhdl_no_clk.srcs/constrs_1/new/vhdlnoclk.xdc w ]
add_files -fileset constrs_1 C:/Users/20002890/minized_vhdl_no_clk/minized_vhdl_no_clk.srcs/constrs_1/new/vhdlnoclk.xdc
set_property target_constrs_file C:/Users/20002890/minized_vhdl_no_clk/minized_vhdl_no_clk.srcs/constrs_1/new/vhdlnoclk.xdc [current_fileset -constrset]
save_constraints -force
reset_run synth_1
launch_runs impl_1 -to_step write_bitstream -jobs 4
wait_on_run impl_1
open_hw
connect_hw_server
open_hw_target
set_property PROGRAM.FILE {C:/Users/20002890/minized_vhdl_no_clk/minized_vhdl_no_clk.runs/impl_1/vhdlnoclk.bit} [get_hw_devices xc7z007s_1]
current_hw_device [get_hw_devices xc7z007s_1]
refresh_hw_device -update_hw_probes false [lindex [get_hw_devices xc7z007s_1] 0]
set_property PROBES.FILE {} [get_hw_devices xc7z007s_1]
set_property FULL_PROBES.FILE {} [get_hw_devices xc7z007s_1]
set_property PROGRAM.FILE {C:/Users/20002890/minized_vhdl_no_clk/minized_vhdl_no_clk.runs/impl_1/vhdlnoclk.bit} [get_hw_devices xc7z007s_1]
program_hw_devices [get_hw_devices xc7z007s_1]
refresh_hw_device [lindex [get_hw_devices xc7z007s_1] 0]
set_property PROBES.FILE {} [get_hw_devices xc7z007s_1]
set_property FULL_PROBES.FILE {} [get_hw_devices xc7z007s_1]
set_property PROGRAM.FILE {C:/Users/20002890/minized_vhdl_no_clk/minized_vhdl_no_clk.runs/impl_1/vhdlnoclk.bit} [get_hw_devices xc7z007s_1]
program_hw_devices [get_hw_devices xc7z007s_1]
refresh_hw_device [lindex [get_hw_devices xc7z007s_1] 0]
set_property PROBES.FILE {} [get_hw_devices xc7z007s_1]
set_property FULL_PROBES.FILE {} [get_hw_devices xc7z007s_1]
set_property PROGRAM.FILE {C:/Users/20002890/minized_vhdl_no_clk/minized_vhdl_no_clk.runs/impl_1/vhdlnoclk.bit} [get_hw_devices xc7z007s_1]
program_hw_devices [get_hw_devices xc7z007s_1]
refresh_hw_device [lindex [get_hw_devices xc7z007s_1] 0]
set_property PROBES.FILE {} [get_hw_devices xc7z007s_1]
set_property FULL_PROBES.FILE {} [get_hw_devices xc7z007s_1]
set_property PROGRAM.FILE {C:/Users/20002890/minized_vhdl_no_clk/minized_vhdl_no_clk.runs/impl_1/vhdlnoclk.bit} [get_hw_devices xc7z007s_1]
program_hw_devices [get_hw_devices xc7z007s_1]
refresh_hw_device [lindex [get_hw_devices xc7z007s_1] 0]
close_hw
refresh_design
open_run synth_1 -name synth_1
reset_run synth_1
launch_runs impl_1 -to_step write_bitstream -jobs 4
wait_on_run impl_1
open_hw
connect_hw_server
open_hw_target
set_property PROGRAM.FILE {C:/Users/20002890/minized_vhdl_no_clk/minized_vhdl_no_clk.runs/impl_1/vhdlnoclk.bit} [get_hw_devices xc7z007s_1]
current_hw_device [get_hw_devices xc7z007s_1]
refresh_hw_device -update_hw_probes false [lindex [get_hw_devices xc7z007s_1] 0]
set_property PROBES.FILE {} [get_hw_devices xc7z007s_1]
set_property FULL_PROBES.FILE {} [get_hw_devices xc7z007s_1]
set_property PROGRAM.FILE {C:/Users/20002890/minized_vhdl_no_clk/minized_vhdl_no_clk.runs/impl_1/vhdlnoclk.bit} [get_hw_devices xc7z007s_1]
program_hw_devices [get_hw_devices xc7z007s_1]
refresh_hw_device [lindex [get_hw_devices xc7z007s_1] 0]
current_design impl_1
set_property OFFCHIP_TERM NONE [get_ports [list r_led]]
save_constraints -force
refresh_design
set_property PROBES.FILE {} [get_hw_devices xc7z007s_1]
set_property FULL_PROBES.FILE {} [get_hw_devices xc7z007s_1]
set_property PROGRAM.FILE {C:/Users/20002890/minized_vhdl_no_clk/minized_vhdl_no_clk.runs/impl_1/vhdlnoclk.bit} [get_hw_devices xc7z007s_1]
program_hw_devices [get_hw_devices xc7z007s_1]
refresh_hw_device [lindex [get_hw_devices xc7z007s_1] 0]
reset_run synth_1
launch_runs impl_1 -jobs 4
wait_on_run impl_1
close_design
close_design
open_run impl_1
set_property IOSTANDARD LVCMOS33 [get_ports [list g_led]]
place_ports g_led E13
save_constraints
set_property DRIVE 12 [get_ports [list g_led]]
save_constraints -force
reset_run impl_1
launch_runs impl_1 -to_step write_bitstream -jobs 4
wait_on_run impl_1
set_property PROBES.FILE {} [get_hw_devices xc7z007s_1]
set_property FULL_PROBES.FILE {} [get_hw_devices xc7z007s_1]
set_property PROGRAM.FILE {C:/Users/20002890/minized_vhdl_no_clk/minized_vhdl_no_clk.runs/impl_1/vhdlnoclk.bit} [get_hw_devices xc7z007s_1]
program_hw_devices [get_hw_devices xc7z007s_1]
refresh_hw_device [lindex [get_hw_devices xc7z007s_1] 0]
update_compile_order -fileset sources_1
update_compile_order -fileset sources_1
reset_run synth_1
launch_runs impl_1 -to_step write_bitstream -jobs 4
wait_on_run impl_1
update_compile_order -fileset sources_1
reset_run synth_1
launch_runs impl_1 -to_step write_bitstream -jobs 4
close_hw
update_compile_order -fileset sources_1
launch_runs impl_1 -to_step write_bitstream -jobs 4
wait_on_run impl_1
open_hw
connect_hw_server
open_hw_target
set_property PROGRAM.FILE {C:/Users/20002890/minized_vhdl_no_clk/minized_vhdl_no_clk.runs/impl_1/vhdlnoclk.bit} [get_hw_devices xc7z007s_1]
current_hw_device [get_hw_devices xc7z007s_1]
refresh_hw_device -update_hw_probes false [lindex [get_hw_devices xc7z007s_1] 0]
set_property PROBES.FILE {} [get_hw_devices xc7z007s_1]
set_property FULL_PROBES.FILE {} [get_hw_devices xc7z007s_1]
set_property PROGRAM.FILE {C:/Users/20002890/minized_vhdl_no_clk/minized_vhdl_no_clk.runs/impl_1/vhdlnoclk.bit} [get_hw_devices xc7z007s_1]
program_hw_devices [get_hw_devices xc7z007s_1]
refresh_hw_device [lindex [get_hw_devices xc7z007s_1] 0]
reset_run synth_1
launch_runs impl_1 -to_step write_bitstream -jobs 4
wait_on_run impl_1
set_property PROBES.FILE {} [get_hw_devices xc7z007s_1]
set_property FULL_PROBES.FILE {} [get_hw_devices xc7z007s_1]
set_property PROGRAM.FILE {C:/Users/20002890/minized_vhdl_no_clk/minized_vhdl_no_clk.runs/impl_1/vhdlnoclk.bit} [get_hw_devices xc7z007s_1]
program_hw_devices [get_hw_devices xc7z007s_1]
refresh_hw_device [lindex [get_hw_devices xc7z007s_1] 0]
close_hw
refresh_design
open_run synth_1 -name synth_1
reset_run synth_1
launch_runs synth_1 -jobs 4
wait_on_run synth_1
synth_design -rtl -name rtl_1
launch_runs impl_1 -jobs 4
wait_on_run impl_1
current_design impl_1
launch_runs impl_1 -to_step write_bitstream -jobs 4
wait_on_run impl_1
open_hw
connect_hw_server
open_hw_target
set_property PROGRAM.FILE {C:/Users/20002890/minized_vhdl_no_clk/minized_vhdl_no_clk.runs/impl_1/vhdlnoclk.bit} [get_hw_devices xc7z007s_1]
current_hw_device [get_hw_devices xc7z007s_1]
refresh_hw_device -update_hw_probes false [lindex [get_hw_devices xc7z007s_1] 0]
set_property PROBES.FILE {} [get_hw_devices xc7z007s_1]
set_property FULL_PROBES.FILE {} [get_hw_devices xc7z007s_1]
set_property PROGRAM.FILE {C:/Users/20002890/minized_vhdl_no_clk/minized_vhdl_no_clk.runs/impl_1/vhdlnoclk.bit} [get_hw_devices xc7z007s_1]
program_hw_devices [get_hw_devices xc7z007s_1]
refresh_hw_device [lindex [get_hw_devices xc7z007s_1] 0]
close_hw
refresh_design
reset_run synth_1
launch_runs synth_1 -jobs 4
wait_on_run synth_1
launch_runs impl_1 -jobs 4
wait_on_run impl_1
current_design rtl_1
launch_runs impl_1 -to_step write_bitstream -jobs 4
wait_on_run impl_1
open_hw
connect_hw_server
open_hw_target
set_property PROGRAM.FILE {C:/Users/20002890/minized_vhdl_no_clk/minized_vhdl_no_clk.runs/impl_1/vhdlnoclk.bit} [get_hw_devices xc7z007s_1]
current_hw_device [get_hw_devices xc7z007s_1]
refresh_hw_device -update_hw_probes false [lindex [get_hw_devices xc7z007s_1] 0]
set_property PROBES.FILE {} [get_hw_devices xc7z007s_1]
set_property FULL_PROBES.FILE {} [get_hw_devices xc7z007s_1]
set_property PROGRAM.FILE {C:/Users/20002890/minized_vhdl_no_clk/minized_vhdl_no_clk.runs/impl_1/vhdlnoclk.bit} [get_hw_devices xc7z007s_1]
program_hw_devices [get_hw_devices xc7z007s_1]
refresh_hw_device [lindex [get_hw_devices xc7z007s_1] 0]
set_property PROBES.FILE {} [get_hw_devices xc7z007s_1]
set_property FULL_PROBES.FILE {} [get_hw_devices xc7z007s_1]
set_property PROGRAM.FILE {C:/Users/20002890/minized_vhdl_no_clk/minized_vhdl_no_clk.runs/impl_1/vhdlnoclk.bit} [get_hw_devices xc7z007s_1]
program_hw_devices [get_hw_devices xc7z007s_1]
refresh_hw_device [lindex [get_hw_devices xc7z007s_1] 0]
